
================================================================================
MEDIA CENTER CONTENT SYNCHRONIZATION REPORT
================================================================================
Timestamp: 2025-12-24T11:04:01.133Z
Duration: 3501ms
Overall Status: ✅ SUCCESS

--------------------------------------------------------------------------------
LIVE STREAMS
--------------------------------------------------------------------------------
Status: ✅ Success
Items Updated: 2
Details: Synced 2 live streams


--------------------------------------------------------------------------------
PODCASTS
--------------------------------------------------------------------------------
Status: ✅ Success
Items Updated: 6
Details: Synced 6 podcast episodes


--------------------------------------------------------------------------------
EVENTS
--------------------------------------------------------------------------------
Status: ✅ Success
Items Updated: 2
Details: Synced 2 events


--------------------------------------------------------------------------------
TRAINING VIDEOS
--------------------------------------------------------------------------------
Status: ✅ Success
Items Updated: 0
Details: Training videos sync skipped (managed manually)


--------------------------------------------------------------------------------
LIVE SCORES
--------------------------------------------------------------------------------
Status: ✅ Success
Items Updated: 2
Details: Synced 2 live scores


--------------------------------------------------------------------------------
CACHE CLEANUP
--------------------------------------------------------------------------------
Status: ✅ Success
Items Updated: 0
Details: Deleted 0 expired cache entries


================================================================================
SUMMARY
================================================================================
Total Items Updated: 12
Total Errors: 0
================================================================================
