
================================================================================
MEDIA CENTER CONTENT SYNCHRONIZATION REPORT
================================================================================
Timestamp: 2025-12-23T11:04:26.897Z
Duration: 166ms
Overall Status: ❌ FAILURE

--------------------------------------------------------------------------------
LIVE STREAMS
--------------------------------------------------------------------------------
Status: ❌ Failed
Items Updated: 0
Details: 
Errors:
  - Failed to sync stream yt_ppa_live_1: PrismaClientInitializationError: 
Invalid `prisma.liveStream.upsert()` invocation in
/home/ubuntu/mindful_champion/nextjs_space/scripts/sync-media-content.ts:86:33

  83 
  84 for (const stream of streams) {
  85   try {
→ 86     await prisma.liveStream.upsert(
error: Environment variable not found: DATABASE_URL.
  -->  schema.prisma:8
   | 
 7 |   provider = "postgresql"
 8 |   url      = env("DATABASE_URL")
   | 

Validation Error Count: 1
  - Failed to sync stream yt_mlp_upcoming_1: PrismaClientInitializationError: 
Invalid `prisma.liveStream.upsert()` invocation in
/home/ubuntu/mindful_champion/nextjs_space/scripts/sync-media-content.ts:86:33

  83 
  84 for (const stream of streams) {
  85   try {
→ 86     await prisma.liveStream.upsert(
error: Environment variable not found: DATABASE_URL.
  -->  schema.prisma:8
   | 
 7 |   provider = "postgresql"
 8 |   url      = env("DATABASE_URL")
   | 

Validation Error Count: 1
  - Live stream sync failed: PrismaClientInitializationError: 
Invalid `prisma.liveStream.updateMany()` invocation in
/home/ubuntu/mindful_champion/nextjs_space/scripts/sync-media-content.ts:120:29

  117 }
  118 
  119 // Mark ended streams as ENDED
→ 120 await prisma.liveStream.updateMany(
error: Environment variable not found: DATABASE_URL.
  -->  schema.prisma:8
   | 
 7 |   provider = "postgresql"
 8 |   url      = env("DATABASE_URL")
   | 

Validation Error Count: 1

--------------------------------------------------------------------------------
PODCASTS
--------------------------------------------------------------------------------
Status: ✅ Success
Items Updated: 0
Details: Synced 0 podcast episodes
Errors:
  - Failed to sync podcast The Dink Pickleball Podcast: PrismaClientInitializationError: 
Invalid `prisma.podcastShow.upsert()` invocation in
/home/ubuntu/mindful_champion/nextjs_space/scripts/sync-media-content.ts:203:54

  200 for (const show of shows) {
  201   try {
  202     // Ensure show exists
→ 203     const podcastShow = await prisma.podcastShow.upsert(
error: Environment variable not found: DATABASE_URL.
  -->  schema.prisma:8
   | 
 7 |   provider = "postgresql"
 8 |   url      = env("DATABASE_URL")
   | 

Validation Error Count: 1
  - Failed to sync podcast PicklePod: PrismaClientInitializationError: 
Invalid `prisma.podcastShow.upsert()` invocation in
/home/ubuntu/mindful_champion/nextjs_space/scripts/sync-media-content.ts:203:54

  200 for (const show of shows) {
  201   try {
  202     // Ensure show exists
→ 203     const podcastShow = await prisma.podcastShow.upsert(
error: Environment variable not found: DATABASE_URL.
  -->  schema.prisma:8
   | 
 7 |   provider = "postgresql"
 8 |   url      = env("DATABASE_URL")
   | 

Validation Error Count: 1
  - Failed to sync podcast Pro Pickleball Show: PrismaClientInitializationError: 
Invalid `prisma.podcastShow.upsert()` invocation in
/home/ubuntu/mindful_champion/nextjs_space/scripts/sync-media-content.ts:203:54

  200 for (const show of shows) {
  201   try {
  202     // Ensure show exists
→ 203     const podcastShow = await prisma.podcastShow.upsert(
error: Environment variable not found: DATABASE_URL.
  -->  schema.prisma:8
   | 
 7 |   provider = "postgresql"
 8 |   url      = env("DATABASE_URL")
   | 

Validation Error Count: 1

--------------------------------------------------------------------------------
EVENTS
--------------------------------------------------------------------------------
Status: ✅ Success
Items Updated: 0
Details: Synced 0 events
Errors:
  - Failed to sync event ppa_championships_2024: PrismaClientInitializationError: 
Invalid `prisma.externalEvent.upsert()` invocation in
/home/ubuntu/mindful_champion/nextjs_space/scripts/sync-media-content.ts:318:36

  315 
  316 for (const event of events) {
  317   try {
→ 318     await prisma.externalEvent.upsert(
error: Environment variable not found: DATABASE_URL.
  -->  schema.prisma:8
   | 
 7 |   provider = "postgresql"
 8 |   url      = env("DATABASE_URL")
   | 

Validation Error Count: 1
  - Failed to sync event mlp_season_opener_2025: PrismaClientInitializationError: 
Invalid `prisma.externalEvent.upsert()` invocation in
/home/ubuntu/mindful_champion/nextjs_space/scripts/sync-media-content.ts:318:36

  315 
  316 for (const event of events) {
  317   try {
→ 318     await prisma.externalEvent.upsert(
error: Environment variable not found: DATABASE_URL.
  -->  schema.prisma:8
   | 
 7 |   provider = "postgresql"
 8 |   url      = env("DATABASE_URL")
   | 

Validation Error Count: 1

--------------------------------------------------------------------------------
TRAINING VIDEOS
--------------------------------------------------------------------------------
Status: ✅ Success
Items Updated: 0
Details: Training videos sync skipped (managed manually)


--------------------------------------------------------------------------------
LIVE SCORES
--------------------------------------------------------------------------------
Status: ✅ Success
Items Updated: 0
Details: Synced 0 live scores
Errors:
  - Failed to cache score for match match_001: PrismaClientInitializationError: 
Invalid `prisma.apiCache.upsert()` invocation in
/home/ubuntu/mindful_champion/nextjs_space/scripts/sync-media-content.ts:449:31

  446 // Cache live scores for quick access
  447 for (const score of scores) {
  448   try {
→ 449     await prisma.apiCache.upsert(
error: Environment variable not found: DATABASE_URL.
  -->  schema.prisma:8
   | 
 7 |   provider = "postgresql"
 8 |   url      = env("DATABASE_URL")
   | 

Validation Error Count: 1
  - Failed to cache score for match match_002: PrismaClientInitializationError: 
Invalid `prisma.apiCache.upsert()` invocation in
/home/ubuntu/mindful_champion/nextjs_space/scripts/sync-media-content.ts:449:31

  446 // Cache live scores for quick access
  447 for (const score of scores) {
  448   try {
→ 449     await prisma.apiCache.upsert(
error: Environment variable not found: DATABASE_URL.
  -->  schema.prisma:8
   | 
 7 |   provider = "postgresql"
 8 |   url      = env("DATABASE_URL")
   | 

Validation Error Count: 1

--------------------------------------------------------------------------------
CACHE CLEANUP
--------------------------------------------------------------------------------
Status: ❌ Failed
Items Updated: 0
Details: 
Errors:
  - Cache cleanup failed: PrismaClientInitializationError: 
Invalid `prisma.apiCache.deleteMany()` invocation in
/home/ubuntu/mindful_champion/nextjs_space/scripts/sync-media-content.ts:523:43

  520 try {
  521   console.log('🧹 Cleaning up expired cache...');
  522 
→ 523   const deleted = await prisma.apiCache.deleteMany(
error: Environment variable not found: DATABASE_URL.
  -->  schema.prisma:8
   | 
 7 |   provider = "postgresql"
 8 |   url      = env("DATABASE_URL")
   | 

Validation Error Count: 1

================================================================================
SUMMARY
================================================================================
Total Items Updated: 0
Total Errors: 11
================================================================================
