
================================================================================
MEDIA CENTER CONTENT SYNCHRONIZATION REPORT
================================================================================
Timestamp: 2025-12-18T23:10:16.160Z
Duration: 150ms
Overall Status: ❌ FAILURE

--------------------------------------------------------------------------------
LIVE STREAMS
--------------------------------------------------------------------------------
Status: ❌ Failed
Items Updated: 0
Details: 
Errors:
  - Failed to sync stream yt_ppa_live_1: PrismaClientValidationError: 
Invalid `prisma.liveStream.upsert()` invocation in
/home/ubuntu/mindful_champion/nextjs_space/scripts/sync-media-content.ts:86:33

  83 
  84 for (const stream of streams) {
  85   try {
→ 86     await prisma.liveStream.upsert({
           where: {
             externalId: "yt_ppa_live_1"
           },
           update: {
             title: "PPA Tour Championship - Finals",
             description: "Watch the exciting finals of the PPA Tour Championship",
             thumbnailUrl: "https://i.ytimg.com/vi/dQw4w9WgXcQ/maxresdefault.jpg",
             streamUrl: "https://youtube.com/watch?v=dQw4w9WgXcQ",
             viewerCount: 15420,
             status: "LIVE",
             scheduledStartTime: new Date("2025-12-18T23:10:16.160Z"),
             actualStartTime: new Date("2025-12-18T23:10:16.160Z"),
             updatedAt: new Date("2025-12-18T23:10:16.160Z")
           },
           create: {
             externalId: "yt_ppa_live_1",
             title: "PPA Tour Championship - Finals",
             description: "Watch the exciting finals of the PPA Tour Championship",
             thumbnailUrl: "https://i.ytimg.com/vi/dQw4w9WgXcQ/maxresdefault.jpg",
             streamUrl: "https://youtube.com/watch?v=dQw4w9WgXcQ",
             platform: "YOUTUBE",
             channelName: "PPA Tour",
             viewerCount: 15420,
             status: "LIVE",
             scheduledStartTime: new Date("2025-12-18T23:10:16.160Z"),
             actualStartTime: new Date("2025-12-18T23:10:16.160Z"),
             eventType: "TOURNAMENT",
         +   scheduledAt: DateTime
           }
         })

Argument `scheduledAt` is missing.
  - Failed to sync stream yt_mlp_upcoming_1: PrismaClientValidationError: 
Invalid `prisma.liveStream.upsert()` invocation in
/home/ubuntu/mindful_champion/nextjs_space/scripts/sync-media-content.ts:86:33

  83 
  84 for (const stream of streams) {
  85   try {
→ 86     await prisma.liveStream.upsert({
           where: {
             externalId: "yt_mlp_upcoming_1"
           },
           update: {
             title: "MLP Season Opener - Day 1",
             description: "Major League Pickleball kicks off the new season",
             thumbnailUrl: "https://i.ytimg.com/vi/dQw4w9WgXcQ/maxresdefault.jpg",
             streamUrl: "https://youtube.com/watch?v=dQw4w9WgXcQ",
             viewerCount: 0,
             status: "UPCOMING",
             scheduledStartTime: new Date("2025-12-19T23:10:16.160Z"),
             actualStartTime: null,
             updatedAt: new Date("2025-12-18T23:10:16.269Z")
           },
           create: {
             externalId: "yt_mlp_upcoming_1",
             title: "MLP Season Opener - Day 1",
             description: "Major League Pickleball kicks off the new season",
             thumbnailUrl: "https://i.ytimg.com/vi/dQw4w9WgXcQ/maxresdefault.jpg",
             streamUrl: "https://youtube.com/watch?v=dQw4w9WgXcQ",
             platform: "YOUTUBE",
             channelName: "Major League Pickleball",
             viewerCount: 0,
             status: "UPCOMING",
             scheduledStartTime: new Date("2025-12-19T23:10:16.160Z"),
             actualStartTime: null,
             eventType: "TOURNAMENT",
         +   scheduledAt: DateTime
           }
         })

Argument `scheduledAt` is missing.
  - Live stream sync failed: PrismaClientValidationError: 
Invalid `prisma.liveStream.updateMany()` invocation in
/home/ubuntu/mindful_champion/nextjs_space/scripts/sync-media-content.ts:121:29

  118 }
  119 
  120 // Mark ended streams as ENDED
→ 121 await prisma.liveStream.updateMany({
        where: {
          status: {
            in: [
              "LIVE",
              "UPCOMING"
            ]
          },
          scheduledStartTime: {
          ~~~~~~~~~~~~~~~~~~
            lt: new Date("2025-12-18T17:10:16.272Z")
          },
      ?   AND?: LiveStreamWhereInput | LiveStreamWhereInput[],
      ?   OR?: LiveStreamWhereInput[],
      ?   NOT?: LiveStreamWhereInput | LiveStreamWhereInput[],
      ?   id?: StringFilter | String,
      ?   title?: StringFilter | String,
      ?   description?: StringNullableFilter | String | Null,
      ?   platform?: EnumLiveStreamPlatformFilter | LiveStreamPlatform,
      ?   streamUrl?: StringFilter | String,
      ?   thumbnailUrl?: StringNullableFilter | String | Null,
      ?   embedCode?: StringNullableFilter | String | Null,
      ?   scheduledAt?: DateTimeFilter | DateTime,
      ?   startedAt?: DateTimeNullableFilter | DateTime | Null,
      ?   endedAt?: DateTimeNullableFilter | DateTime | Null,
      ?   viewerCount?: IntFilter | Int,
      ?   isSubscriberOnly?: BoolFilter | Boolean,
      ?   eventType?: EnumExternalEventTypeNullableFilter | ExternalEventType | Null,
      ?   tournamentId?: StringNullableFilter | String | Null,
      ?   externalId?: StringNullableFilter | String | Null,
      ?   tags?: JsonNullableFilter,
      ?   createdAt?: DateTimeFilter | DateTime,
      ?   updatedAt?: DateTimeFilter | DateTime
        },
        data: {
          status: "ENDED"
        }
      })

Unknown argument `scheduledStartTime`. Available options are marked with ?.

--------------------------------------------------------------------------------
PODCASTS
--------------------------------------------------------------------------------
Status: ✅ Success
Items Updated: 0
Details: Synced 0 podcast episodes
Errors:
  - Failed to sync podcast The Dink Pickleball Podcast: PrismaClientValidationError: 
Invalid `prisma.podcastShow.upsert()` invocation in
/home/ubuntu/mindful_champion/nextjs_space/scripts/sync-media-content.ts:206:54

  203 for (const show of shows) {
  204   try {
  205     // Ensure show exists
→ 206     const podcastShow = await prisma.podcastShow.upsert({
            where: {
              externalId: "the-dink",
              ~~~~~~~~~~
          ?   id?: String,
          ?   rssFeedUrl?: String,
          ?   AND?: PodcastShowWhereInput | PodcastShowWhereInput[],
          ?   OR?: PodcastShowWhereInput[],
          ?   NOT?: PodcastShowWhereInput | PodcastShowWhereInput[],
          ?   title?: StringFilter | String,
          ?   description?: StringNullableFilter | String | Null,
          ?   author?: StringNullableFilter | String | Null,
          ?   imageUrl?: StringNullableFilter | String | Null,
          ?   websiteUrl?: StringNullableFilter | String | Null,
          ?   category?: StringFilter | String,
          ?   language?: StringFilter | String,
          ?   isActive?: BoolFilter | Boolean,
          ?   totalEpisodes?: IntFilter | Int,
          ?   createdAt?: DateTimeFilter | DateTime,
          ?   updatedAt?: DateTimeFilter | DateTime,
          ?   episodes?: PodcastEpisodeListRelationFilter
            },
            update: {
              name: "The Dink Pickleball Podcast",
              feedUrl: "https://feeds.buzzsprout.com/1234567.rss"
            },
            create: {
              externalId: "the-dink",
              name: "The Dink Pickleball Podcast",
              feedUrl: "https://feeds.buzzsprout.com/1234567.rss",
              description: "The Dink Pickleball Podcast - Your source for pickleball insights",
              imageUrl: "https://i.scdn.co/image/ab67656300005f1ff23d4d30240fbce9ff872d54"
            }
          })

Unknown argument `externalId`. Available options are marked with ?.
  - Failed to sync podcast PicklePod: PrismaClientValidationError: 
Invalid `prisma.podcastShow.upsert()` invocation in
/home/ubuntu/mindful_champion/nextjs_space/scripts/sync-media-content.ts:206:54

  203 for (const show of shows) {
  204   try {
  205     // Ensure show exists
→ 206     const podcastShow = await prisma.podcastShow.upsert({
            where: {
              externalId: "picklepod",
              ~~~~~~~~~~
          ?   id?: String,
          ?   rssFeedUrl?: String,
          ?   AND?: PodcastShowWhereInput | PodcastShowWhereInput[],
          ?   OR?: PodcastShowWhereInput[],
          ?   NOT?: PodcastShowWhereInput | PodcastShowWhereInput[],
          ?   title?: StringFilter | String,
          ?   description?: StringNullableFilter | String | Null,
          ?   author?: StringNullableFilter | String | Null,
          ?   imageUrl?: StringNullableFilter | String | Null,
          ?   websiteUrl?: StringNullableFilter | String | Null,
          ?   category?: StringFilter | String,
          ?   language?: StringFilter | String,
          ?   isActive?: BoolFilter | Boolean,
          ?   totalEpisodes?: IntFilter | Int,
          ?   createdAt?: DateTimeFilter | DateTime,
          ?   updatedAt?: DateTimeFilter | DateTime,
          ?   episodes?: PodcastEpisodeListRelationFilter
            },
            update: {
              name: "PicklePod",
              feedUrl: "https://feeds.simplecast.com/picklepod"
            },
            create: {
              externalId: "picklepod",
              name: "PicklePod",
              feedUrl: "https://feeds.simplecast.com/picklepod",
              description: "PicklePod - Your source for pickleball insights",
              imageUrl: "https://i.scdn.co/image/ab67656300005f1ff23d4d30240fbce9ff872d54"
            }
          })

Unknown argument `externalId`. Available options are marked with ?.
  - Failed to sync podcast Pro Pickleball Show: PrismaClientValidationError: 
Invalid `prisma.podcastShow.upsert()` invocation in
/home/ubuntu/mindful_champion/nextjs_space/scripts/sync-media-content.ts:206:54

  203 for (const show of shows) {
  204   try {
  205     // Ensure show exists
→ 206     const podcastShow = await prisma.podcastShow.upsert({
            where: {
              externalId: "pro-pickleball",
              ~~~~~~~~~~
          ?   id?: String,
          ?   rssFeedUrl?: String,
          ?   AND?: PodcastShowWhereInput | PodcastShowWhereInput[],
          ?   OR?: PodcastShowWhereInput[],
          ?   NOT?: PodcastShowWhereInput | PodcastShowWhereInput[],
          ?   title?: StringFilter | String,
          ?   description?: StringNullableFilter | String | Null,
          ?   author?: StringNullableFilter | String | Null,
          ?   imageUrl?: StringNullableFilter | String | Null,
          ?   websiteUrl?: StringNullableFilter | String | Null,
          ?   category?: StringFilter | String,
          ?   language?: StringFilter | String,
          ?   isActive?: BoolFilter | Boolean,
          ?   totalEpisodes?: IntFilter | Int,
          ?   createdAt?: DateTimeFilter | DateTime,
          ?   updatedAt?: DateTimeFilter | DateTime,
          ?   episodes?: PodcastEpisodeListRelationFilter
            },
            update: {
              name: "Pro Pickleball Show",
              feedUrl: "https://feeds.megaphone.fm/propickleball"
            },
            create: {
              externalId: "pro-pickleball",
              name: "Pro Pickleball Show",
              feedUrl: "https://feeds.megaphone.fm/propickleball",
              description: "Pro Pickleball Show - Your source for pickleball insights",
              imageUrl: "https://i.scdn.co/image/ab67656300005f1ff23d4d30240fbce9ff872d54"
            }
          })

Unknown argument `externalId`. Available options are marked with ?.

--------------------------------------------------------------------------------
EVENTS
--------------------------------------------------------------------------------
Status: ✅ Success
Items Updated: 0
Details: Synced 0 events
Errors:
  - Failed to sync event ppa_championships_2024: PrismaClientValidationError: 
Invalid `prisma.externalEvent.upsert()` invocation in
/home/ubuntu/mindful_champion/nextjs_space/scripts/sync-media-content.ts:307:36

  304 
  305 for (const event of events) {
  306   try {
→ 307     await prisma.externalEvent.upsert({
            where: {
              externalId: "ppa_championships_2024"
            },
            update: {
              title: "PPA World Championships 2024",
              description: "The premier professional pickleball championship event",
              eventType: "TOURNAMENT",
              startDate: new Date("2024-12-20T00:00:00.000Z"),
              endDate: new Date("2024-12-23T00:00:00.000Z"),
              location: "Las Vegas, NV",
              venueName: "Mandalay Bay Convention Center",
              registrationUrl: "https://ppatour.com/register",
              broadcastUrl: "https://youtube.com/ppatour",
              prizePool: 500000,
              imageUrl: "https://globalawards.us/cdn/shop/products/PG-TournamentCH-Grey-Green-Black-EVENT_1700x.jpg?v=1642632111"
            },
            create: {
              externalId: "ppa_championships_2024",
              title: "PPA World Championships 2024",
              description: "The premier professional pickleball championship event",
              eventType: "TOURNAMENT",
                         ~~~~~~~~~~~~
              startDate: new Date("2024-12-20T00:00:00.000Z"),
              endDate: new Date("2024-12-23T00:00:00.000Z"),
              location: "Las Vegas, NV",
              venueName: "Mandalay Bay Convention Center",
              registrationUrl: "https://ppatour.com/register",
              broadcastUrl: "https://youtube.com/ppatour",
              prizePool: 500000,
              imageUrl: "https://globalawards.us/cdn/shop/products/PG-TournamentCH-Grey-Green-Black-EVENT_1700x.jpg?v=1642632111"
            }
          })

Invalid value for argument `eventType`. Expected ExternalEventType.
  - Failed to sync event mlp_season_opener_2025: PrismaClientValidationError: 
Invalid `prisma.externalEvent.upsert()` invocation in
/home/ubuntu/mindful_champion/nextjs_space/scripts/sync-media-content.ts:307:36

  304 
  305 for (const event of events) {
  306   try {
→ 307     await prisma.externalEvent.upsert({
            where: {
              externalId: "mlp_season_opener_2025"
            },
            update: {
              title: "MLP Season Opener 2025",
              description: "Major League Pickleball kicks off the new season",
              eventType: "TOURNAMENT",
              startDate: new Date("2025-01-15T00:00:00.000Z"),
              endDate: new Date("2025-01-17T00:00:00.000Z"),
              location: "Austin, TX",
              venueName: "Austin Convention Center",
              registrationUrl: "https://majorleaguepickleball.com",
              broadcastUrl: "https://youtube.com/mlp",
              prizePool: 300000,
              imageUrl: "https://pbs.twimg.com/profile_images/1907793582830075904/ipxvC24f_400x400.jpg"
            },
            create: {
              externalId: "mlp_season_opener_2025",
              title: "MLP Season Opener 2025",
              description: "Major League Pickleball kicks off the new season",
              eventType: "TOURNAMENT",
                         ~~~~~~~~~~~~
              startDate: new Date("2025-01-15T00:00:00.000Z"),
              endDate: new Date("2025-01-17T00:00:00.000Z"),
              location: "Austin, TX",
              venueName: "Austin Convention Center",
              registrationUrl: "https://majorleaguepickleball.com",
              broadcastUrl: "https://youtube.com/mlp",
              prizePool: 300000,
              imageUrl: "https://pbs.twimg.com/profile_images/1907793582830075904/ipxvC24f_400x400.jpg"
            }
          })

Invalid value for argument `eventType`. Expected ExternalEventType.

--------------------------------------------------------------------------------
TRAINING VIDEOS
--------------------------------------------------------------------------------
Status: ✅ Success
Items Updated: 0
Details: Training videos sync skipped (managed manually)


--------------------------------------------------------------------------------
LIVE SCORES
--------------------------------------------------------------------------------
Status: ✅ Success
Items Updated: 0
Details: Synced 0 live scores
Errors:
  - Failed to cache score for match match_001: PrismaClientValidationError: 
Invalid `prisma.apiCache.upsert()` invocation in
/home/ubuntu/mindful_champion/nextjs_space/scripts/sync-media-content.ts:440:31

  437 // Cache live scores for quick access
  438 for (const score of scores) {
  439   try {
→ 440     await prisma.apiCache.upsert({
            where: {
              key: "live_score_match_001",
              ~~~
          ?   id?: String,
          ?   cacheKey?: String,
          ?   AND?: ApiCacheWhereInput | ApiCacheWhereInput[],
          ?   OR?: ApiCacheWhereInput[],
          ?   NOT?: ApiCacheWhereInput | ApiCacheWhereInput[],
          ?   data?: JsonFilter,
          ?   expiresAt?: DateTimeFilter | DateTime,
          ?   createdAt?: DateTimeFilter | DateTime,
          ?   updatedAt?: DateTimeFilter | DateTime
            },
            update: {
              value: "{\"matchId\":\"match_001\",\"tournament\":\"PPA World Championships\",\"player1\":\"Ben Johns\",\"player2\":\"Tyson McGuffin\",\"score\":\"11-9, 8-11, 11-7\",\"currentSet\":3,\"status\":\"LIVE\",\"court\":\"Center Court\"}",
              expiresAt: new Date("2025-12-18T23:15:16.287Z")
            },
            create: {
              key: "live_score_match_001",
              value: "{\"matchId\":\"match_001\",\"tournament\":\"PPA World Championships\",\"player1\":\"Ben Johns\",\"player2\":\"Tyson McGuffin\",\"score\":\"11-9, 8-11, 11-7\",\"currentSet\":3,\"status\":\"LIVE\",\"court\":\"Center Court\"}",
              expiresAt: new Date("2025-12-18T23:15:16.287Z")
            }
          })

Unknown argument `key`. Did you mean `id`? Available options are marked with ?.
  - Failed to cache score for match match_002: PrismaClientValidationError: 
Invalid `prisma.apiCache.upsert()` invocation in
/home/ubuntu/mindful_champion/nextjs_space/scripts/sync-media-content.ts:440:31

  437 // Cache live scores for quick access
  438 for (const score of scores) {
  439   try {
→ 440     await prisma.apiCache.upsert({
            where: {
              key: "live_score_match_002",
              ~~~
          ?   id?: String,
          ?   cacheKey?: String,
          ?   AND?: ApiCacheWhereInput | ApiCacheWhereInput[],
          ?   OR?: ApiCacheWhereInput[],
          ?   NOT?: ApiCacheWhereInput | ApiCacheWhereInput[],
          ?   data?: JsonFilter,
          ?   expiresAt?: DateTimeFilter | DateTime,
          ?   createdAt?: DateTimeFilter | DateTime,
          ?   updatedAt?: DateTimeFilter | DateTime
            },
            update: {
              value: "{\"matchId\":\"match_002\",\"tournament\":\"PPA World Championships\",\"player1\":\"Anna Leigh Waters\",\"player2\":\"Catherine Parenteau\",\"score\":\"11-6, 9-7\",\"currentSet\":2,\"status\":\"COMPLETED\",\"court\":\"Court 2\"}",
              expiresAt: new Date("2025-12-18T23:15:16.289Z")
            },
            create: {
              key: "live_score_match_002",
              value: "{\"matchId\":\"match_002\",\"tournament\":\"PPA World Championships\",\"player1\":\"Anna Leigh Waters\",\"player2\":\"Catherine Parenteau\",\"score\":\"11-6, 9-7\",\"currentSet\":2,\"status\":\"COMPLETED\",\"court\":\"Court 2\"}",
              expiresAt: new Date("2025-12-18T23:15:16.289Z")
            }
          })

Unknown argument `key`. Did you mean `id`? Available options are marked with ?.

--------------------------------------------------------------------------------
CACHE CLEANUP
--------------------------------------------------------------------------------
Status: ✅ Success
Items Updated: 0
Details: Deleted 0 expired cache entries


================================================================================
SUMMARY
================================================================================
Total Items Updated: 0
Total Errors: 10
================================================================================
