
================================================================================
MEDIA CENTER CONTENT SYNCHRONIZATION REPORT
================================================================================
Timestamp: 2025-12-18T23:12:24.774Z
Duration: 136ms
Overall Status: ✅ SUCCESS

--------------------------------------------------------------------------------
LIVE STREAMS
--------------------------------------------------------------------------------
Status: ✅ Success
Items Updated: 0
Details: Synced 0 live streams
Errors:
  - Failed to sync stream yt_ppa_live_1: PrismaClientValidationError: 
Invalid `prisma.liveStream.upsert()` invocation in
/home/ubuntu/mindful_champion/nextjs_space/scripts/sync-media-content.ts:86:33

  83 
  84 for (const stream of streams) {
  85   try {
→ 86     await prisma.liveStream.upsert({
           where: {
             externalId: "yt_ppa_live_1"
           },
           update: {
             title: "PPA Tour Championship - Finals",
             description: "Watch the exciting finals of the PPA Tour Championship",
             thumbnailUrl: "https://i.ytimg.com/vi/dQw4w9WgXcQ/maxresdefault.jpg",
             streamUrl: "https://youtube.com/watch?v=dQw4w9WgXcQ",
             viewerCount: 15420,
             status: "LIVE",
             scheduledAt: new Date("2025-12-18T23:12:24.774Z"),
             startedAt: new Date("2025-12-18T23:12:24.774Z"),
             updatedAt: new Date("2025-12-18T23:12:24.774Z")
           },
           create: {
             externalId: "yt_ppa_live_1",
             title: "PPA Tour Championship - Finals",
             description: "Watch the exciting finals of the PPA Tour Championship",
             thumbnailUrl: "https://i.ytimg.com/vi/dQw4w9WgXcQ/maxresdefault.jpg",
             streamUrl: "https://youtube.com/watch?v=dQw4w9WgXcQ",
             platform: "YOUTUBE",
             viewerCount: 15420,
             status: "LIVE",
             scheduledAt: new Date("2025-12-18T23:12:24.774Z"),
             startedAt: new Date("2025-12-18T23:12:24.774Z"),
             eventType: "TOURNAMENT"
                        ~~~~~~~~~~~~
           }
         })

Invalid value for argument `eventType`. Expected ExternalEventType.
  - Failed to sync stream yt_mlp_upcoming_1: PrismaClientValidationError: 
Invalid `prisma.liveStream.upsert()` invocation in
/home/ubuntu/mindful_champion/nextjs_space/scripts/sync-media-content.ts:86:33

  83 
  84 for (const stream of streams) {
  85   try {
→ 86     await prisma.liveStream.upsert({
           where: {
             externalId: "yt_mlp_upcoming_1"
           },
           update: {
             title: "MLP Season Opener - Day 1",
             description: "Major League Pickleball kicks off the new season",
             thumbnailUrl: "https://i.ytimg.com/vi/dQw4w9WgXcQ/maxresdefault.jpg",
             streamUrl: "https://youtube.com/watch?v=dQw4w9WgXcQ",
             viewerCount: 0,
             status: "UPCOMING",
             scheduledAt: new Date("2025-12-19T23:12:24.774Z"),
             startedAt: null,
             updatedAt: new Date("2025-12-18T23:12:24.848Z")
           },
           create: {
             externalId: "yt_mlp_upcoming_1",
             title: "MLP Season Opener - Day 1",
             description: "Major League Pickleball kicks off the new season",
             thumbnailUrl: "https://i.ytimg.com/vi/dQw4w9WgXcQ/maxresdefault.jpg",
             streamUrl: "https://youtube.com/watch?v=dQw4w9WgXcQ",
             platform: "YOUTUBE",
             viewerCount: 0,
             status: "UPCOMING",
             scheduledAt: new Date("2025-12-19T23:12:24.774Z"),
             startedAt: null,
             eventType: "TOURNAMENT"
                        ~~~~~~~~~~~~
           }
         })

Invalid value for argument `eventType`. Expected ExternalEventType.

--------------------------------------------------------------------------------
PODCASTS
--------------------------------------------------------------------------------
Status: ✅ Success
Items Updated: 6
Details: Synced 6 podcast episodes


--------------------------------------------------------------------------------
EVENTS
--------------------------------------------------------------------------------
Status: ✅ Success
Items Updated: 0
Details: Synced 0 events
Errors:
  - Failed to sync event ppa_championships_2024: PrismaClientValidationError: 
Invalid `prisma.externalEvent.upsert()` invocation in
/home/ubuntu/mindful_champion/nextjs_space/scripts/sync-media-content.ts:318:36

  315 
  316 for (const event of events) {
  317   try {
→ 318     await prisma.externalEvent.upsert({
            where: {
              externalId: "ppa_championships_2024"
            },
            update: {
              title: "PPA World Championships 2024",
              description: "The premier professional pickleball championship event",
              eventType: "TOURNAMENT",
              startDate: new Date("2024-12-20T00:00:00.000Z"),
              endDate: new Date("2024-12-23T00:00:00.000Z"),
              location: "Las Vegas, NV",
              venueName: "Mandalay Bay Convention Center",
              registrationUrl: "https://ppatour.com/register",
              websiteUrl: "https://youtube.com/ppatour",
              prizeMoney: "$500,000",
              lastSyncedAt: new Date("2025-12-18T23:12:24.899Z")
            },
            create: {
              externalId: "ppa_championships_2024",
              title: "PPA World Championships 2024",
              description: "The premier professional pickleball championship event",
              eventType: "TOURNAMENT",
                         ~~~~~~~~~~~~
              startDate: new Date("2024-12-20T00:00:00.000Z"),
              endDate: new Date("2024-12-23T00:00:00.000Z"),
              location: "Las Vegas, NV",
              venueName: "Mandalay Bay Convention Center",
              registrationUrl: "https://ppatour.com/register",
              websiteUrl: "https://youtube.com/ppatour",
              prizeMoney: "$500,000",
              lastSyncedAt: new Date("2025-12-18T23:12:24.899Z")
            }
          })

Invalid value for argument `eventType`. Expected ExternalEventType.
  - Failed to sync event mlp_season_opener_2025: PrismaClientValidationError: 
Invalid `prisma.externalEvent.upsert()` invocation in
/home/ubuntu/mindful_champion/nextjs_space/scripts/sync-media-content.ts:318:36

  315 
  316 for (const event of events) {
  317   try {
→ 318     await prisma.externalEvent.upsert({
            where: {
              externalId: "mlp_season_opener_2025"
            },
            update: {
              title: "MLP Season Opener 2025",
              description: "Major League Pickleball kicks off the new season",
              eventType: "TOURNAMENT",
              startDate: new Date("2025-01-15T00:00:00.000Z"),
              endDate: new Date("2025-01-17T00:00:00.000Z"),
              location: "Austin, TX",
              venueName: "Austin Convention Center",
              registrationUrl: "https://majorleaguepickleball.com",
              websiteUrl: "https://youtube.com/mlp",
              prizeMoney: "$300,000",
              lastSyncedAt: new Date("2025-12-18T23:12:24.901Z")
            },
            create: {
              externalId: "mlp_season_opener_2025",
              title: "MLP Season Opener 2025",
              description: "Major League Pickleball kicks off the new season",
              eventType: "TOURNAMENT",
                         ~~~~~~~~~~~~
              startDate: new Date("2025-01-15T00:00:00.000Z"),
              endDate: new Date("2025-01-17T00:00:00.000Z"),
              location: "Austin, TX",
              venueName: "Austin Convention Center",
              registrationUrl: "https://majorleaguepickleball.com",
              websiteUrl: "https://youtube.com/mlp",
              prizeMoney: "$300,000",
              lastSyncedAt: new Date("2025-12-18T23:12:24.901Z")
            }
          })

Invalid value for argument `eventType`. Expected ExternalEventType.

--------------------------------------------------------------------------------
TRAINING VIDEOS
--------------------------------------------------------------------------------
Status: ✅ Success
Items Updated: 0
Details: Training videos sync skipped (managed manually)


--------------------------------------------------------------------------------
LIVE SCORES
--------------------------------------------------------------------------------
Status: ✅ Success
Items Updated: 0
Details: Synced 0 live scores
Errors:
  - Failed to cache score for match match_001: PrismaClientValidationError: 
Invalid `prisma.apiCache.upsert()` invocation in
/home/ubuntu/mindful_champion/nextjs_space/scripts/sync-media-content.ts:449:31

  446 // Cache live scores for quick access
  447 for (const score of scores) {
  448   try {
→ 449     await prisma.apiCache.upsert({
            where: {
              key: "live_score_match_001",
              ~~~
          ?   id?: String,
          ?   cacheKey?: String,
          ?   AND?: ApiCacheWhereInput | ApiCacheWhereInput[],
          ?   OR?: ApiCacheWhereInput[],
          ?   NOT?: ApiCacheWhereInput | ApiCacheWhereInput[],
          ?   data?: JsonFilter,
          ?   expiresAt?: DateTimeFilter | DateTime,
          ?   createdAt?: DateTimeFilter | DateTime,
          ?   updatedAt?: DateTimeFilter | DateTime
            },
            update: {
              value: "{\"matchId\":\"match_001\",\"tournament\":\"PPA World Championships\",\"player1\":\"Ben Johns\",\"player2\":\"Tyson McGuffin\",\"score\":\"11-9, 8-11, 11-7\",\"currentSet\":3,\"status\":\"LIVE\",\"court\":\"Center Court\"}",
              expiresAt: new Date("2025-12-18T23:17:24.904Z")
            },
            create: {
              key: "live_score_match_001",
              value: "{\"matchId\":\"match_001\",\"tournament\":\"PPA World Championships\",\"player1\":\"Ben Johns\",\"player2\":\"Tyson McGuffin\",\"score\":\"11-9, 8-11, 11-7\",\"currentSet\":3,\"status\":\"LIVE\",\"court\":\"Center Court\"}",
              expiresAt: new Date("2025-12-18T23:17:24.904Z")
            }
          })

Unknown argument `key`. Did you mean `id`? Available options are marked with ?.
  - Failed to cache score for match match_002: PrismaClientValidationError: 
Invalid `prisma.apiCache.upsert()` invocation in
/home/ubuntu/mindful_champion/nextjs_space/scripts/sync-media-content.ts:449:31

  446 // Cache live scores for quick access
  447 for (const score of scores) {
  448   try {
→ 449     await prisma.apiCache.upsert({
            where: {
              key: "live_score_match_002",
              ~~~
          ?   id?: String,
          ?   cacheKey?: String,
          ?   AND?: ApiCacheWhereInput | ApiCacheWhereInput[],
          ?   OR?: ApiCacheWhereInput[],
          ?   NOT?: ApiCacheWhereInput | ApiCacheWhereInput[],
          ?   data?: JsonFilter,
          ?   expiresAt?: DateTimeFilter | DateTime,
          ?   createdAt?: DateTimeFilter | DateTime,
          ?   updatedAt?: DateTimeFilter | DateTime
            },
            update: {
              value: "{\"matchId\":\"match_002\",\"tournament\":\"PPA World Championships\",\"player1\":\"Anna Leigh Waters\",\"player2\":\"Catherine Parenteau\",\"score\":\"11-6, 9-7\",\"currentSet\":2,\"status\":\"COMPLETED\",\"court\":\"Court 2\"}",
              expiresAt: new Date("2025-12-18T23:17:24.907Z")
            },
            create: {
              key: "live_score_match_002",
              value: "{\"matchId\":\"match_002\",\"tournament\":\"PPA World Championships\",\"player1\":\"Anna Leigh Waters\",\"player2\":\"Catherine Parenteau\",\"score\":\"11-6, 9-7\",\"currentSet\":2,\"status\":\"COMPLETED\",\"court\":\"Court 2\"}",
              expiresAt: new Date("2025-12-18T23:17:24.907Z")
            }
          })

Unknown argument `key`. Did you mean `id`? Available options are marked with ?.

--------------------------------------------------------------------------------
CACHE CLEANUP
--------------------------------------------------------------------------------
Status: ✅ Success
Items Updated: 0
Details: Deleted 0 expired cache entries


================================================================================
SUMMARY
================================================================================
Total Items Updated: 6
Total Errors: 6
================================================================================
