
================================================================================
MEDIA CENTER CONTENT SYNCHRONIZATION REPORT
================================================================================
Timestamp: 2025-12-18T23:09:05.510Z
Duration: 229ms
Overall Status: ❌ FAILURE

--------------------------------------------------------------------------------
LIVE STREAMS
--------------------------------------------------------------------------------
Status: ❌ Failed
Items Updated: 0
Details: 
Errors:
  - Failed to sync stream yt_ppa_live_1: PrismaClientInitializationError: 
Invalid `prisma.liveStream.upsert()` invocation in
/home/ubuntu/mindful_champion/nextjs_space/scripts/sync-media-content.ts:79:33

  76 
  77 for (const stream of streams) {
  78   try {
→ 79     await prisma.liveStream.upsert(
error: Environment variable not found: DATABASE_URL.
  -->  schema.prisma:8
   | 
 7 |   provider = "postgresql"
 8 |   url      = env("DATABASE_URL")
   | 

Validation Error Count: 1
  - Failed to sync stream yt_mlp_upcoming_1: PrismaClientInitializationError: 
Invalid `prisma.liveStream.upsert()` invocation in
/home/ubuntu/mindful_champion/nextjs_space/scripts/sync-media-content.ts:79:33

  76 
  77 for (const stream of streams) {
  78   try {
→ 79     await prisma.liveStream.upsert(
error: Environment variable not found: DATABASE_URL.
  -->  schema.prisma:8
   | 
 7 |   provider = "postgresql"
 8 |   url      = env("DATABASE_URL")
   | 

Validation Error Count: 1
  - Live stream sync failed: PrismaClientInitializationError: 
Invalid `prisma.liveStream.updateMany()` invocation in
/home/ubuntu/mindful_champion/nextjs_space/scripts/sync-media-content.ts:114:29

  111 }
  112 
  113 // Mark ended streams as ENDED
→ 114 await prisma.liveStream.updateMany(
error: Environment variable not found: DATABASE_URL.
  -->  schema.prisma:8
   | 
 7 |   provider = "postgresql"
 8 |   url      = env("DATABASE_URL")
   | 

Validation Error Count: 1

--------------------------------------------------------------------------------
PODCASTS
--------------------------------------------------------------------------------
Status: ✅ Success
Items Updated: 0
Details: Synced 0 podcast episodes
Errors:
  - Failed to sync podcast The Dink Pickleball Podcast: PrismaClientInitializationError: 
Invalid `prisma.podcastShow.upsert()` invocation in
/home/ubuntu/mindful_champion/nextjs_space/scripts/sync-media-content.ts:199:54

  196 for (const show of shows) {
  197   try {
  198     // Ensure show exists
→ 199     const podcastShow = await prisma.podcastShow.upsert(
error: Environment variable not found: DATABASE_URL.
  -->  schema.prisma:8
   | 
 7 |   provider = "postgresql"
 8 |   url      = env("DATABASE_URL")
   | 

Validation Error Count: 1
  - Failed to sync podcast PicklePod: PrismaClientInitializationError: 
Invalid `prisma.podcastShow.upsert()` invocation in
/home/ubuntu/mindful_champion/nextjs_space/scripts/sync-media-content.ts:199:54

  196 for (const show of shows) {
  197   try {
  198     // Ensure show exists
→ 199     const podcastShow = await prisma.podcastShow.upsert(
error: Environment variable not found: DATABASE_URL.
  -->  schema.prisma:8
   | 
 7 |   provider = "postgresql"
 8 |   url      = env("DATABASE_URL")
   | 

Validation Error Count: 1
  - Failed to sync podcast Pro Pickleball Show: PrismaClientInitializationError: 
Invalid `prisma.podcastShow.upsert()` invocation in
/home/ubuntu/mindful_champion/nextjs_space/scripts/sync-media-content.ts:199:54

  196 for (const show of shows) {
  197   try {
  198     // Ensure show exists
→ 199     const podcastShow = await prisma.podcastShow.upsert(
error: Environment variable not found: DATABASE_URL.
  -->  schema.prisma:8
   | 
 7 |   provider = "postgresql"
 8 |   url      = env("DATABASE_URL")
   | 

Validation Error Count: 1

--------------------------------------------------------------------------------
EVENTS
--------------------------------------------------------------------------------
Status: ✅ Success
Items Updated: 0
Details: Synced 0 events
Errors:
  - Failed to sync event ppa_championships_2024: PrismaClientInitializationError: 
Invalid `prisma.externalEvent.upsert()` invocation in
/home/ubuntu/mindful_champion/nextjs_space/scripts/sync-media-content.ts:300:36

  297 
  298 for (const event of events) {
  299   try {
→ 300     await prisma.externalEvent.upsert(
error: Environment variable not found: DATABASE_URL.
  -->  schema.prisma:8
   | 
 7 |   provider = "postgresql"
 8 |   url      = env("DATABASE_URL")
   | 

Validation Error Count: 1
  - Failed to sync event mlp_season_opener_2025: PrismaClientInitializationError: 
Invalid `prisma.externalEvent.upsert()` invocation in
/home/ubuntu/mindful_champion/nextjs_space/scripts/sync-media-content.ts:300:36

  297 
  298 for (const event of events) {
  299   try {
→ 300     await prisma.externalEvent.upsert(
error: Environment variable not found: DATABASE_URL.
  -->  schema.prisma:8
   | 
 7 |   provider = "postgresql"
 8 |   url      = env("DATABASE_URL")
   | 

Validation Error Count: 1

--------------------------------------------------------------------------------
TRAINING VIDEOS
--------------------------------------------------------------------------------
Status: ✅ Success
Items Updated: 0
Details: Training videos sync skipped (managed manually)


--------------------------------------------------------------------------------
LIVE SCORES
--------------------------------------------------------------------------------
Status: ✅ Success
Items Updated: 0
Details: Synced 0 live scores
Errors:
  - Failed to cache score for match match_001: PrismaClientInitializationError: 
Invalid `prisma.apiCache.upsert()` invocation in
/home/ubuntu/mindful_champion/nextjs_space/scripts/sync-media-content.ts:433:31

  430 // Cache live scores for quick access
  431 for (const score of scores) {
  432   try {
→ 433     await prisma.apiCache.upsert(
error: Environment variable not found: DATABASE_URL.
  -->  schema.prisma:8
   | 
 7 |   provider = "postgresql"
 8 |   url      = env("DATABASE_URL")
   | 

Validation Error Count: 1
  - Failed to cache score for match match_002: PrismaClientInitializationError: 
Invalid `prisma.apiCache.upsert()` invocation in
/home/ubuntu/mindful_champion/nextjs_space/scripts/sync-media-content.ts:433:31

  430 // Cache live scores for quick access
  431 for (const score of scores) {
  432   try {
→ 433     await prisma.apiCache.upsert(
error: Environment variable not found: DATABASE_URL.
  -->  schema.prisma:8
   | 
 7 |   provider = "postgresql"
 8 |   url      = env("DATABASE_URL")
   | 

Validation Error Count: 1

--------------------------------------------------------------------------------
CACHE CLEANUP
--------------------------------------------------------------------------------
Status: ❌ Failed
Items Updated: 0
Details: 
Errors:
  - Cache cleanup failed: PrismaClientInitializationError: 
Invalid `prisma.apiCache.deleteMany()` invocation in
/home/ubuntu/mindful_champion/nextjs_space/scripts/sync-media-content.ts:507:43

  504 try {
  505   console.log('🧹 Cleaning up expired cache...');
  506 
→ 507   const deleted = await prisma.apiCache.deleteMany(
error: Environment variable not found: DATABASE_URL.
  -->  schema.prisma:8
   | 
 7 |   provider = "postgresql"
 8 |   url      = env("DATABASE_URL")
   | 

Validation Error Count: 1

================================================================================
SUMMARY
================================================================================
Total Items Updated: 0
Total Errors: 11
================================================================================
